
Merging object attributes


Discarded input sections

 .text          0x00000000        0x0 output/tmp/startup.o
 .data          0x00000000        0x0 output/tmp/startup.o
 .bss           0x00000000        0x0 output/tmp/startup.o
 .group         0x00000000        0xc output/tmp/main.o
 .group         0x00000000        0xc output/tmp/main.o
 .group         0x00000000        0xc output/tmp/main.o
 .group         0x00000000        0xc output/tmp/main.o
 .group         0x00000000        0xc output/tmp/main.o
 .group         0x00000000        0xc output/tmp/main.o
 .group         0x00000000        0xc output/tmp/main.o
 .group         0x00000000        0xc output/tmp/main.o
 .group         0x00000000        0xc output/tmp/main.o
 .group         0x00000000        0xc output/tmp/main.o
 .group         0x00000000        0xc output/tmp/main.o
 .group         0x00000000        0xc output/tmp/main.o
 .group         0x00000000        0xc output/tmp/main.o
 .group         0x00000000        0xc output/tmp/main.o
 .group         0x00000000        0xc output/tmp/main.o
 .group         0x00000000        0xc output/tmp/main.o
 .group         0x00000000        0xc output/tmp/main.o
 .group         0x00000000        0xc output/tmp/main.o
 .group         0x00000000        0xc output/tmp/main.o
 .text          0x00000000        0x0 output/tmp/main.o
 .data          0x00000000        0x0 output/tmp/main.o
 .bss           0x00000000        0x0 output/tmp/main.o
 .text.trigger_crash_assert
                0x00000000       0x14 output/tmp/main.o
 .text.firmware_bss_main
                0x00000000        0xe output/tmp/main.o
 .text.vApplicationMallocFailedHook
                0x00000000        0x6 output/tmp/main.o
 .text.vApplicationGetIdleTaskMemory
                0x00000000       0x16 output/tmp/main.o
 .text.vApplicationGetTimerTaskMemory
                0x00000000       0x16 output/tmp/main.o
 .comment       0x00000000       0x13 output/tmp/main.o
 .group         0x00000000        0xc output/tmp/libc_stubs.o
 .group         0x00000000        0xc output/tmp/libc_stubs.o
 .text          0x00000000        0x0 output/tmp/libc_stubs.o
 .data          0x00000000        0x0 output/tmp/libc_stubs.o
 .bss           0x00000000        0x0 output/tmp/libc_stubs.o
 .text.strlen   0x00000000       0x2c output/tmp/libc_stubs.o
 .text.strcpy   0x00000000       0x32 output/tmp/libc_stubs.o
 .text.strcat   0x00000000       0x42 output/tmp/libc_stubs.o
 .text.strcmp   0x00000000       0x4a output/tmp/libc_stubs.o
 .text.malloc   0x00000000       0x14 output/tmp/libc_stubs.o
 .text.free     0x00000000       0x12 output/tmp/libc_stubs.o
 .text.calloc   0x00000000       0x16 output/tmp/libc_stubs.o
 .text.realloc  0x00000000       0x16 output/tmp/libc_stubs.o
 .debug_macro   0x00000000      0xaea output/tmp/libc_stubs.o
 .debug_macro   0x00000000      0x1a5 output/tmp/libc_stubs.o
 .comment       0x00000000       0x13 output/tmp/libc_stubs.o
 .group         0x00000000        0xc output/tmp/tasks.o
 .group         0x00000000        0xc output/tmp/tasks.o
 .group         0x00000000        0xc output/tmp/tasks.o
 .group         0x00000000        0xc output/tmp/tasks.o
 .group         0x00000000        0xc output/tmp/tasks.o
 .group         0x00000000        0xc output/tmp/tasks.o
 .group         0x00000000        0xc output/tmp/tasks.o
 .group         0x00000000        0xc output/tmp/tasks.o
 .group         0x00000000        0xc output/tmp/tasks.o
 .group         0x00000000        0xc output/tmp/tasks.o
 .group         0x00000000        0xc output/tmp/tasks.o
 .group         0x00000000        0xc output/tmp/tasks.o
 .group         0x00000000        0xc output/tmp/tasks.o
 .group         0x00000000        0xc output/tmp/tasks.o
 .group         0x00000000        0xc output/tmp/tasks.o
 .group         0x00000000        0xc output/tmp/tasks.o
 .text          0x00000000        0x0 output/tmp/tasks.o
 .data          0x00000000        0x0 output/tmp/tasks.o
 .bss           0x00000000        0x0 output/tmp/tasks.o
 .text.vTaskDelete
                0x00000000      0x134 output/tmp/tasks.o
 .text.xTaskDelayUntil
                0x00000000       0xa4 output/tmp/tasks.o
 .text.eTaskGetState
                0x00000000       0xf0 output/tmp/tasks.o
 .text.uxTaskPriorityGet
                0x00000000       0x38 output/tmp/tasks.o
 .text.uxTaskPriorityGetFromISR
                0x00000000       0x58 output/tmp/tasks.o
 .text.uxTaskBasePriorityGet
                0x00000000       0x38 output/tmp/tasks.o
 .text.uxTaskBasePriorityGetFromISR
                0x00000000       0x58 output/tmp/tasks.o
 .text.vTaskPrioritySet
                0x00000000      0x1a8 output/tmp/tasks.o
 .text.vTaskSuspend
                0x00000000      0x130 output/tmp/tasks.o
 .text.prvTaskIsTaskSuspended
                0x00000000       0x6c output/tmp/tasks.o
 .text.vTaskResume
                0x00000000       0xf4 output/tmp/tasks.o
 .text.xTaskResumeFromISR
                0x00000000      0x120 output/tmp/tasks.o
 .text.vTaskEndScheduler
                0x00000000       0x64 output/tmp/tasks.o
 .text.xTaskGetTickCountFromISR
                0x00000000       0x20 output/tmp/tasks.o
 .text.uxTaskGetNumberOfTasks
                0x00000000       0x14 output/tmp/tasks.o
 .text.pcTaskGetName
                0x00000000       0x3c output/tmp/tasks.o
 .text.prvSearchForNameWithinSingleList
                0x00000000       0xa0 output/tmp/tasks.o
 .text.xTaskGetHandle
                0x00000000       0xa8 output/tmp/tasks.o
 .text.uxTaskGetSystemState
                0x00000000      0x108 output/tmp/tasks.o
 .text.xTaskGetIdleTaskHandle
                0x00000000       0x14 output/tmp/tasks.o
 .text.xTaskGetIdleTaskHandleForCore
                0x00000000       0x20 output/tmp/tasks.o
 .text.xTaskCatchUpTicks
                0x00000000       0x34 output/tmp/tasks.o
 .text.xTaskAbortDelay
                0x00000000      0x108 output/tmp/tasks.o
 .text.vTaskPlaceOnUnorderedEventList
                0x00000000       0x70 output/tmp/tasks.o
 .text.vTaskSetTimeOutState
                0x00000000       0x30 output/tmp/tasks.o
 .text.uxTaskGetTaskNumber
                0x00000000       0x2a output/tmp/tasks.o
 .text.vTaskSetTaskNumber
                0x00000000       0x24 output/tmp/tasks.o
 .text.vTaskGetInfo
                0x00000000      0x134 output/tmp/tasks.o
 .text.prvListTasksWithinSingleList
                0x00000000       0x66 output/tmp/tasks.o
 .text.prvTaskCheckFreeStackSpace
                0x00000000       0x34 output/tmp/tasks.o
 .text.uxTaskGetStackHighWaterMark
                0x00000000       0x48 output/tmp/tasks.o
 .text.xTaskGetCurrentTaskHandle
                0x00000000       0x1c output/tmp/tasks.o
 .text.xTaskGetCurrentTaskHandleForCore
                0x00000000       0x30 output/tmp/tasks.o
 .text.uxTaskResetEventItemValue
                0x00000000       0x30 output/tmp/tasks.o
 .text.ulTaskGenericNotifyTake
                0x00000000       0xe8 output/tmp/tasks.o
 .text.xTaskGenericNotifyWait
                0x00000000      0x114 output/tmp/tasks.o
 .text.xTaskGenericNotify
                0x00000000      0x1cc output/tmp/tasks.o
 .text.xTaskGenericNotifyFromISR
                0x00000000      0x244 output/tmp/tasks.o
 .text.vTaskGenericNotifyGiveFromISR
                0x00000000      0x1b8 output/tmp/tasks.o
 .text.xTaskGenericNotifyStateClear
                0x00000000       0x68 output/tmp/tasks.o
 .text.ulTaskGenericNotifyValueClear
                0x00000000       0x6c output/tmp/tasks.o
 .text.vTaskResetState
                0x00000000       0xa0 output/tmp/tasks.o
 .debug_macro   0x00000000      0xaea output/tmp/tasks.o
 .debug_macro   0x00000000      0x1a5 output/tmp/tasks.o
 .debug_macro   0x00000000      0x523 output/tmp/tasks.o
 .debug_macro   0x00000000       0x16 output/tmp/tasks.o
 .debug_macro   0x00000000      0x190 output/tmp/tasks.o
 .debug_macro   0x00000000       0x3a output/tmp/tasks.o
 .debug_macro   0x00000000      0x182 output/tmp/tasks.o
 .debug_macro   0x00000000       0xe0 output/tmp/tasks.o
 .debug_macro   0x00000000       0x34 output/tmp/tasks.o
 .debug_macro   0x00000000       0x1f output/tmp/tasks.o
 .debug_macro   0x00000000       0x12 output/tmp/tasks.o
 .debug_macro   0x00000000     0x1073 output/tmp/tasks.o
 .debug_macro   0x00000000       0xc3 output/tmp/tasks.o
 .debug_macro   0x00000000      0x161 output/tmp/tasks.o
 .comment       0x00000000       0x13 output/tmp/tasks.o
 .group         0x00000000        0xc output/tmp/queue.o
 .group         0x00000000        0xc output/tmp/queue.o
 .group         0x00000000        0xc output/tmp/queue.o
 .group         0x00000000        0xc output/tmp/queue.o
 .group         0x00000000        0xc output/tmp/queue.o
 .group         0x00000000        0xc output/tmp/queue.o
 .group         0x00000000        0xc output/tmp/queue.o
 .group         0x00000000        0xc output/tmp/queue.o
 .group         0x00000000        0xc output/tmp/queue.o
 .group         0x00000000        0xc output/tmp/queue.o
 .group         0x00000000        0xc output/tmp/queue.o
 .group         0x00000000        0xc output/tmp/queue.o
 .group         0x00000000        0xc output/tmp/queue.o
 .group         0x00000000        0xc output/tmp/queue.o
 .group         0x00000000        0xc output/tmp/queue.o
 .text          0x00000000        0x0 output/tmp/queue.o
 .data          0x00000000        0x0 output/tmp/queue.o
 .bss           0x00000000        0x0 output/tmp/queue.o
 .text.xQueueGiveMutexRecursive
                0x00000000       0x4c output/tmp/queue.o
 .text.xQueueTakeMutexRecursive
                0x00000000       0x50 output/tmp/queue.o
 .text.xQueueGenericSendFromISR
                0x00000000       0xca output/tmp/queue.o
 .text.xQueueGiveFromISR
                0x00000000       0xb8 output/tmp/queue.o
 .text.xQueuePeek
                0x00000000      0x144 output/tmp/queue.o
 .text.xQueueReceiveFromISR
                0x00000000       0xc2 output/tmp/queue.o
 .text.xQueuePeekFromISR
                0x00000000       0x66 output/tmp/queue.o
 .text.uxQueueMessagesWaiting
                0x00000000       0x20 output/tmp/queue.o
 .text.uxQueueSpacesAvailable
                0x00000000       0x2a output/tmp/queue.o
 .text.uxQueueMessagesWaitingFromISR
                0x00000000       0x1e output/tmp/queue.o
 .text.vQueueDelete
                0x00000000       0x1a output/tmp/queue.o
 .text.uxQueueGetQueueNumber
                0x00000000       0x16 output/tmp/queue.o
 .text.vQueueSetQueueNumber
                0x00000000       0x1a output/tmp/queue.o
 .text.ucQueueGetQueueType
                0x00000000       0x18 output/tmp/queue.o
 .text.uxQueueGetQueueItemSize
                0x00000000       0x16 output/tmp/queue.o
 .text.uxQueueGetQueueLength
                0x00000000       0x16 output/tmp/queue.o
 .text.xQueueIsQueueEmptyFromISR
                0x00000000       0x2a output/tmp/queue.o
 .text.xQueueIsQueueFullFromISR
                0x00000000       0x2e output/tmp/queue.o
 .debug_macro   0x00000000      0xaea output/tmp/queue.o
 .debug_macro   0x00000000      0x1a5 output/tmp/queue.o
 .debug_macro   0x00000000      0x523 output/tmp/queue.o
 .debug_macro   0x00000000       0x16 output/tmp/queue.o
 .debug_macro   0x00000000      0x190 output/tmp/queue.o
 .debug_macro   0x00000000       0x3a output/tmp/queue.o
 .debug_macro   0x00000000      0x182 output/tmp/queue.o
 .debug_macro   0x00000000       0xe0 output/tmp/queue.o
 .debug_macro   0x00000000       0x34 output/tmp/queue.o
 .debug_macro   0x00000000       0x1f output/tmp/queue.o
 .debug_macro   0x00000000       0x12 output/tmp/queue.o
 .debug_macro   0x00000000     0x1073 output/tmp/queue.o
 .debug_macro   0x00000000       0xc3 output/tmp/queue.o
 .debug_macro   0x00000000      0x161 output/tmp/queue.o
 .debug_macro   0x00000000       0x80 output/tmp/queue.o
 .comment       0x00000000       0x13 output/tmp/queue.o
 .group         0x00000000        0xc output/tmp/list.o
 .group         0x00000000        0xc output/tmp/list.o
 .group         0x00000000        0xc output/tmp/list.o
 .group         0x00000000        0xc output/tmp/list.o
 .group         0x00000000        0xc output/tmp/list.o
 .group         0x00000000        0xc output/tmp/list.o
 .group         0x00000000        0xc output/tmp/list.o
 .group         0x00000000        0xc output/tmp/list.o
 .group         0x00000000        0xc output/tmp/list.o
 .group         0x00000000        0xc output/tmp/list.o
 .group         0x00000000        0xc output/tmp/list.o
 .group         0x00000000        0xc output/tmp/list.o
 .group         0x00000000        0xc output/tmp/list.o
 .text          0x00000000        0x0 output/tmp/list.o
 .data          0x00000000        0x0 output/tmp/list.o
 .bss           0x00000000        0x0 output/tmp/list.o
 .text.vListInsertEnd
                0x00000000       0x46 output/tmp/list.o
 .debug_macro   0x00000000      0xaea output/tmp/list.o
 .debug_macro   0x00000000      0x1a5 output/tmp/list.o
 .debug_macro   0x00000000      0x523 output/tmp/list.o
 .debug_macro   0x00000000       0x16 output/tmp/list.o
 .debug_macro   0x00000000      0x190 output/tmp/list.o
 .debug_macro   0x00000000       0x3a output/tmp/list.o
 .debug_macro   0x00000000      0x182 output/tmp/list.o
 .debug_macro   0x00000000       0xe0 output/tmp/list.o
 .debug_macro   0x00000000       0x34 output/tmp/list.o
 .debug_macro   0x00000000       0x1f output/tmp/list.o
 .debug_macro   0x00000000       0x12 output/tmp/list.o
 .debug_macro   0x00000000     0x1073 output/tmp/list.o
 .debug_macro   0x00000000       0xc3 output/tmp/list.o
 .comment       0x00000000       0x13 output/tmp/list.o
 .group         0x00000000        0xc output/tmp/timers.o
 .group         0x00000000        0xc output/tmp/timers.o
 .group         0x00000000        0xc output/tmp/timers.o
 .group         0x00000000        0xc output/tmp/timers.o
 .group         0x00000000        0xc output/tmp/timers.o
 .group         0x00000000        0xc output/tmp/timers.o
 .group         0x00000000        0xc output/tmp/timers.o
 .group         0x00000000        0xc output/tmp/timers.o
 .group         0x00000000        0xc output/tmp/timers.o
 .group         0x00000000        0xc output/tmp/timers.o
 .group         0x00000000        0xc output/tmp/timers.o
 .group         0x00000000        0xc output/tmp/timers.o
 .group         0x00000000        0xc output/tmp/timers.o
 .group         0x00000000        0xc output/tmp/timers.o
 .group         0x00000000        0xc output/tmp/timers.o
 .group         0x00000000        0xc output/tmp/timers.o
 .text          0x00000000        0x0 output/tmp/timers.o
 .data          0x00000000        0x0 output/tmp/timers.o
 .bss           0x00000000        0x0 output/tmp/timers.o
 .text.xTimerGenericCommandFromISR
                0x00000000       0x54 output/tmp/timers.o
 .text.xTimerGetTimerDaemonTaskHandle
                0x00000000       0x14 output/tmp/timers.o
 .text.xTimerGetPeriod
                0x00000000       0x1a output/tmp/timers.o
 .text.vTimerSetReloadMode
                0x00000000       0x4a output/tmp/timers.o
 .text.xTimerGetReloadMode
                0x00000000       0x36 output/tmp/timers.o
 .text.uxTimerGetReloadMode
                0x00000000       0x1c output/tmp/timers.o
 .text.xTimerGetExpiryTime
                0x00000000       0x1e output/tmp/timers.o
 .text.pcTimerGetName
                0x00000000       0x1a output/tmp/timers.o
 .text.xTimerIsTimerActive
                0x00000000       0x36 output/tmp/timers.o
 .text.pvTimerGetTimerID
                0x00000000       0x24 output/tmp/timers.o
 .text.vTimerSetTimerID
                0x00000000       0x24 output/tmp/timers.o
 .text.xTimerPendFunctionCallFromISR
                0x00000000       0x40 output/tmp/timers.o
 .text.xTimerPendFunctionCall
                0x00000000       0x40 output/tmp/timers.o
 .text.uxTimerGetTimerNumber
                0x00000000       0x16 output/tmp/timers.o
 .text.vTimerSetTimerNumber
                0x00000000       0x1a output/tmp/timers.o
 .text.vTimerResetState
                0x00000000       0x20 output/tmp/timers.o
 .debug_macro   0x00000000      0xaea output/tmp/timers.o
 .debug_macro   0x00000000      0x1a5 output/tmp/timers.o
 .debug_macro   0x00000000      0x523 output/tmp/timers.o
 .debug_macro   0x00000000       0x16 output/tmp/timers.o
 .debug_macro   0x00000000      0x190 output/tmp/timers.o
 .debug_macro   0x00000000       0x3a output/tmp/timers.o
 .debug_macro   0x00000000      0x182 output/tmp/timers.o
 .debug_macro   0x00000000       0xe0 output/tmp/timers.o
 .debug_macro   0x00000000       0x34 output/tmp/timers.o
 .debug_macro   0x00000000       0x1f output/tmp/timers.o
 .debug_macro   0x00000000       0x12 output/tmp/timers.o
 .debug_macro   0x00000000     0x1073 output/tmp/timers.o
 .debug_macro   0x00000000       0xc3 output/tmp/timers.o
 .debug_macro   0x00000000      0x161 output/tmp/timers.o
 .debug_macro   0x00000000       0x80 output/tmp/timers.o
 .debug_macro   0x00000000       0x9e output/tmp/timers.o
 .comment       0x00000000       0x13 output/tmp/timers.o
 .group         0x00000000        0xc output/tmp/event_groups.o
 .group         0x00000000        0xc output/tmp/event_groups.o
 .group         0x00000000        0xc output/tmp/event_groups.o
 .group         0x00000000        0xc output/tmp/event_groups.o
 .group         0x00000000        0xc output/tmp/event_groups.o
 .group         0x00000000        0xc output/tmp/event_groups.o
 .group         0x00000000        0xc output/tmp/event_groups.o
 .group         0x00000000        0xc output/tmp/event_groups.o
 .group         0x00000000        0xc output/tmp/event_groups.o
 .group         0x00000000        0xc output/tmp/event_groups.o
 .group         0x00000000        0xc output/tmp/event_groups.o
 .group         0x00000000        0xc output/tmp/event_groups.o
 .group         0x00000000        0xc output/tmp/event_groups.o
 .group         0x00000000        0xc output/tmp/event_groups.o
 .group         0x00000000        0xc output/tmp/event_groups.o
 .group         0x00000000        0xc output/tmp/event_groups.o
 .text          0x00000000        0x0 output/tmp/event_groups.o
 .data          0x00000000        0x0 output/tmp/event_groups.o
 .bss           0x00000000        0x0 output/tmp/event_groups.o
 .text.xEventGroupSync
                0x00000000       0xf0 output/tmp/event_groups.o
 .text.xEventGroupWaitBits
                0x00000000      0x114 output/tmp/event_groups.o
 .text.xEventGroupClearBits
                0x00000000       0x34 output/tmp/event_groups.o
 .text.xEventGroupClearBitsFromISR
                0x00000000       0x28 output/tmp/event_groups.o
 .text.xEventGroupGetBitsFromISR
                0x00000000       0x46 output/tmp/event_groups.o
 .text.vEventGroupDelete
                0x00000000       0x40 output/tmp/event_groups.o
 .text.vEventGroupSetBitsCallback
                0x00000000       0x1a output/tmp/event_groups.o
 .text.vEventGroupClearBitsCallback
                0x00000000       0x1a output/tmp/event_groups.o
 .text.prvTestWaitCondition
                0x00000000       0x42 output/tmp/event_groups.o
 .text.xEventGroupSetBitsFromISR
                0x00000000       0x28 output/tmp/event_groups.o
 .text.uxEventGroupGetNumber
                0x00000000       0x2a output/tmp/event_groups.o
 .text.vEventGroupSetNumber
                0x00000000       0x1a output/tmp/event_groups.o
 .debug_macro   0x00000000      0xaea output/tmp/event_groups.o
 .debug_macro   0x00000000      0x1a5 output/tmp/event_groups.o
 .debug_macro   0x00000000      0x523 output/tmp/event_groups.o
 .debug_macro   0x00000000       0x16 output/tmp/event_groups.o
 .debug_macro   0x00000000      0x190 output/tmp/event_groups.o
 .debug_macro   0x00000000       0x3a output/tmp/event_groups.o
 .debug_macro   0x00000000      0x182 output/tmp/event_groups.o
 .debug_macro   0x00000000       0xe0 output/tmp/event_groups.o
 .debug_macro   0x00000000       0x34 output/tmp/event_groups.o
 .debug_macro   0x00000000       0x1f output/tmp/event_groups.o
 .debug_macro   0x00000000       0x12 output/tmp/event_groups.o
 .debug_macro   0x00000000     0x1073 output/tmp/event_groups.o
 .debug_macro   0x00000000       0xc3 output/tmp/event_groups.o
 .debug_macro   0x00000000      0x161 output/tmp/event_groups.o
 .debug_macro   0x00000000       0x98 output/tmp/event_groups.o
 .debug_macro   0x00000000       0x23 output/tmp/event_groups.o
 .comment       0x00000000       0x13 output/tmp/event_groups.o
 .group         0x00000000        0xc output/tmp/stream_buffer.o
 .group         0x00000000        0xc output/tmp/stream_buffer.o
 .group         0x00000000        0xc output/tmp/stream_buffer.o
 .group         0x00000000        0xc output/tmp/stream_buffer.o
 .group         0x00000000        0xc output/tmp/stream_buffer.o
 .group         0x00000000        0xc output/tmp/stream_buffer.o
 .group         0x00000000        0xc output/tmp/stream_buffer.o
 .group         0x00000000        0xc output/tmp/stream_buffer.o
 .group         0x00000000        0xc output/tmp/stream_buffer.o
 .group         0x00000000        0xc output/tmp/stream_buffer.o
 .group         0x00000000        0xc output/tmp/stream_buffer.o
 .group         0x00000000        0xc output/tmp/stream_buffer.o
 .group         0x00000000        0xc output/tmp/stream_buffer.o
 .group         0x00000000        0xc output/tmp/stream_buffer.o
 .group         0x00000000        0xc output/tmp/stream_buffer.o
 .text          0x00000000        0x0 output/tmp/stream_buffer.o
 .data          0x00000000        0x0 output/tmp/stream_buffer.o
 .bss           0x00000000        0x0 output/tmp/stream_buffer.o
 .text.xStreamBufferGenericCreate
                0x00000000       0x80 output/tmp/stream_buffer.o
 .text.vStreamBufferDelete
                0x00000000       0x32 output/tmp/stream_buffer.o
 .text.xStreamBufferReset
                0x00000000       0x6e output/tmp/stream_buffer.o
 .text.xStreamBufferResetFromISR
                0x00000000       0x8e output/tmp/stream_buffer.o
 .text.xStreamBufferSetTriggerLevel
                0x00000000       0x3e output/tmp/stream_buffer.o
 .text.xStreamBufferSpacesAvailable
                0x00000000       0x58 output/tmp/stream_buffer.o
 .text.xStreamBufferBytesAvailable
                0x00000000       0x1e output/tmp/stream_buffer.o
 .text.xStreamBufferSend
                0x00000000      0x12e output/tmp/stream_buffer.o
 .text.xStreamBufferSendFromISR
                0x00000000       0xb0 output/tmp/stream_buffer.o
 .text.prvWriteMessageToBuffer
                0x00000000       0x72 output/tmp/stream_buffer.o
 .text.xStreamBufferReceive
                0x00000000       0xf6 output/tmp/stream_buffer.o
 .text.xStreamBufferNextMessageLengthBytes
                0x00000000       0x50 output/tmp/stream_buffer.o
 .text.xStreamBufferReceiveFromISR
                0x00000000       0xa8 output/tmp/stream_buffer.o
 .text.prvReadMessageFromBuffer
                0x00000000       0x7a output/tmp/stream_buffer.o
 .text.xStreamBufferIsEmpty
                0x00000000       0x32 output/tmp/stream_buffer.o
 .text.xStreamBufferIsFull
                0x00000000       0x44 output/tmp/stream_buffer.o
 .text.xStreamBufferSendCompletedFromISR
                0x00000000       0x70 output/tmp/stream_buffer.o
 .text.xStreamBufferReceiveCompletedFromISR
                0x00000000       0x70 output/tmp/stream_buffer.o
 .text.prvWriteBytesToBuffer
                0x00000000       0x76 output/tmp/stream_buffer.o
 .text.prvReadBytesFromBuffer
                0x00000000       0x76 output/tmp/stream_buffer.o
 .text.prvBytesInBuffer
                0x00000000       0x3e output/tmp/stream_buffer.o
 .text.prvInitialiseNewStreamBuffer
                0x00000000       0x3e output/tmp/stream_buffer.o
 .text.uxStreamBufferGetStreamBufferNotificationIndex
                0x00000000       0x1a output/tmp/stream_buffer.o
 .text.vStreamBufferSetStreamBufferNotificationIndex
                0x00000000       0x1e output/tmp/stream_buffer.o
 .text.uxStreamBufferGetStreamBufferNumber
                0x00000000       0x16 output/tmp/stream_buffer.o
 .text.vStreamBufferSetStreamBufferNumber
                0x00000000       0x1a output/tmp/stream_buffer.o
 .text.ucStreamBufferGetStreamBufferType
                0x00000000       0x1c output/tmp/stream_buffer.o
 .debug_info    0x00000000     0x10e0 output/tmp/stream_buffer.o
 .debug_abbrev  0x00000000      0x2c8 output/tmp/stream_buffer.o
 .debug_aranges
                0x00000000       0xf0 output/tmp/stream_buffer.o
 .debug_ranges  0x00000000       0xe0 output/tmp/stream_buffer.o
 .debug_macro   0x00000000      0x114 output/tmp/stream_buffer.o
 .debug_macro   0x00000000      0xaea output/tmp/stream_buffer.o
 .debug_macro   0x00000000      0x1a5 output/tmp/stream_buffer.o
 .debug_macro   0x00000000      0x523 output/tmp/stream_buffer.o
 .debug_macro   0x00000000       0x16 output/tmp/stream_buffer.o
 .debug_macro   0x00000000      0x190 output/tmp/stream_buffer.o
 .debug_macro   0x00000000       0x3a output/tmp/stream_buffer.o
 .debug_macro   0x00000000      0x182 output/tmp/stream_buffer.o
 .debug_macro   0x00000000       0xe0 output/tmp/stream_buffer.o
 .debug_macro   0x00000000       0x34 output/tmp/stream_buffer.o
 .debug_macro   0x00000000       0x1f output/tmp/stream_buffer.o
 .debug_macro   0x00000000       0x12 output/tmp/stream_buffer.o
 .debug_macro   0x00000000     0x1073 output/tmp/stream_buffer.o
 .debug_macro   0x00000000       0xc3 output/tmp/stream_buffer.o
 .debug_macro   0x00000000      0x161 output/tmp/stream_buffer.o
 .debug_macro   0x00000000       0x38 output/tmp/stream_buffer.o
 .debug_line    0x00000000      0x8fc output/tmp/stream_buffer.o
 .debug_str     0x00000000    0x10626 output/tmp/stream_buffer.o
 .comment       0x00000000       0x13 output/tmp/stream_buffer.o
 .debug_frame   0x00000000      0x418 output/tmp/stream_buffer.o
 .ARM.attributes
                0x00000000       0x34 output/tmp/stream_buffer.o
 .group         0x00000000        0xc output/tmp/port.o
 .group         0x00000000        0xc output/tmp/port.o
 .group         0x00000000        0xc output/tmp/port.o
 .group         0x00000000        0xc output/tmp/port.o
 .group         0x00000000        0xc output/tmp/port.o
 .group         0x00000000        0xc output/tmp/port.o
 .group         0x00000000        0xc output/tmp/port.o
 .group         0x00000000        0xc output/tmp/port.o
 .group         0x00000000        0xc output/tmp/port.o
 .group         0x00000000        0xc output/tmp/port.o
 .group         0x00000000        0xc output/tmp/port.o
 .group         0x00000000        0xc output/tmp/port.o
 .group         0x00000000        0xc output/tmp/port.o
 .group         0x00000000        0xc output/tmp/port.o
 .text          0x00000000        0x0 output/tmp/port.o
 .data          0x00000000        0x0 output/tmp/port.o
 .bss           0x00000000        0x0 output/tmp/port.o
 .text.vPortEndScheduler
                0x00000000        0xc output/tmp/port.o
 .debug_macro   0x00000000      0xaea output/tmp/port.o
 .debug_macro   0x00000000      0x1a5 output/tmp/port.o
 .debug_macro   0x00000000      0x523 output/tmp/port.o
 .debug_macro   0x00000000       0x16 output/tmp/port.o
 .debug_macro   0x00000000      0x190 output/tmp/port.o
 .debug_macro   0x00000000       0x3a output/tmp/port.o
 .debug_macro   0x00000000      0x182 output/tmp/port.o
 .debug_macro   0x00000000       0xe0 output/tmp/port.o
 .debug_macro   0x00000000       0x34 output/tmp/port.o
 .debug_macro   0x00000000       0x1f output/tmp/port.o
 .debug_macro   0x00000000       0x12 output/tmp/port.o
 .debug_macro   0x00000000     0x1073 output/tmp/port.o
 .debug_macro   0x00000000       0xc3 output/tmp/port.o
 .debug_macro   0x00000000      0x161 output/tmp/port.o
 .comment       0x00000000       0x13 output/tmp/port.o
 .group         0x00000000        0xc output/tmp/heap_4.o
 .group         0x00000000        0xc output/tmp/heap_4.o
 .group         0x00000000        0xc output/tmp/heap_4.o
 .group         0x00000000        0xc output/tmp/heap_4.o
 .group         0x00000000        0xc output/tmp/heap_4.o
 .group         0x00000000        0xc output/tmp/heap_4.o
 .group         0x00000000        0xc output/tmp/heap_4.o
 .group         0x00000000        0xc output/tmp/heap_4.o
 .group         0x00000000        0xc output/tmp/heap_4.o
 .group         0x00000000        0xc output/tmp/heap_4.o
 .group         0x00000000        0xc output/tmp/heap_4.o
 .group         0x00000000        0xc output/tmp/heap_4.o
 .group         0x00000000        0xc output/tmp/heap_4.o
 .group         0x00000000        0xc output/tmp/heap_4.o
 .text          0x00000000        0x0 output/tmp/heap_4.o
 .data          0x00000000        0x0 output/tmp/heap_4.o
 .bss           0x00000000        0x0 output/tmp/heap_4.o
 .rodata.xHeapStructSize
                0x00000000        0x4 output/tmp/heap_4.o
 .text.xPortGetFreeHeapSize
                0x00000000       0x14 output/tmp/heap_4.o
 .text.xPortGetMinimumEverFreeHeapSize
                0x00000000       0x14 output/tmp/heap_4.o
 .text.xPortResetHeapMinimumEverFreeHeapSize
                0x00000000       0x1c output/tmp/heap_4.o
 .text.vPortInitialiseBlocks
                0x00000000        0xc output/tmp/heap_4.o
 .text.pvPortCalloc
                0x00000000       0x60 output/tmp/heap_4.o
 .text.vPortGetHeapStats
                0x00000000       0xbc output/tmp/heap_4.o
 .text.vPortHeapResetState
                0x00000000       0x40 output/tmp/heap_4.o
 .debug_macro   0x00000000      0xaea output/tmp/heap_4.o
 .debug_macro   0x00000000      0x1a5 output/tmp/heap_4.o
 .debug_macro   0x00000000      0x523 output/tmp/heap_4.o
 .debug_macro   0x00000000       0x16 output/tmp/heap_4.o
 .debug_macro   0x00000000      0x190 output/tmp/heap_4.o
 .debug_macro   0x00000000       0x3a output/tmp/heap_4.o
 .debug_macro   0x00000000      0x182 output/tmp/heap_4.o
 .debug_macro   0x00000000       0xe0 output/tmp/heap_4.o
 .debug_macro   0x00000000       0x34 output/tmp/heap_4.o
 .debug_macro   0x00000000       0x1f output/tmp/heap_4.o
 .debug_macro   0x00000000       0x12 output/tmp/heap_4.o
 .debug_macro   0x00000000     0x1073 output/tmp/heap_4.o
 .debug_macro   0x00000000       0xc3 output/tmp/heap_4.o
 .debug_macro   0x00000000      0x161 output/tmp/heap_4.o
 .comment       0x00000000       0x13 output/tmp/heap_4.o

Memory Configuration

Name             Origin             Length             Attributes
FLASH            0x00000000         0x00400000         xr
RAM              0x20000000         0x00040000         xrw
*default*        0x00000000         0xffffffff

Linker script and memory map

LOAD output/tmp/startup.o
LOAD output/tmp/main.o
LOAD output/tmp/libc_stubs.o
LOAD output/tmp/tasks.o
LOAD output/tmp/queue.o
LOAD output/tmp/list.o
LOAD output/tmp/timers.o
LOAD output/tmp/event_groups.o
LOAD output/tmp/stream_buffer.o
LOAD output/tmp/port.o
LOAD output/tmp/heap_4.o
LOAD /opt/homebrew/Cellar/arm-none-eabi-gcc/16.1.0/lib/gcc/arm-none-eabi/16.1.0/thumb/v7e-m+fp/hard/libgcc.a
                0x20040000                        _estack = (ORIGIN (RAM) + LENGTH (RAM))

.isr_vector     0x00000000       0x40
                0x00000000                        . = ALIGN (0x4)
 *(.isr_vector)
 .isr_vector    0x00000000       0x40 output/tmp/startup.o
                0x00000000                g_pfnVectors
                0x00000040                        . = ALIGN (0x4)

.text           0x00000040     0x3838
                0x00000040                        . = ALIGN (0x4)
 *(.text)
 *(.text.*)
 .text.Reset_Handler
                0x00000040       0x40 output/tmp/startup.o
                0x00000040                Reset_Handler
 .text.Default_Handler
                0x00000080        0x4 output/tmp/startup.o
                0x00000080                DebugMon_Handler
                0x00000080                HardFault_Handler
                0x00000080                NMI_Handler
                0x00000080                UsageFault_Handler
                0x00000080                Default_Handler
                0x00000080                MemManage_Handler
                0x00000080                BusFault_Handler
 .text.str_pool_put
                0x00000084       0x88 output/tmp/main.o
 .text.firmware_init
                0x0000010c      0x27c output/tmp/main.o
                0x0000010c                firmware_init
 .text.record_assert
                0x00000388       0xac output/tmp/main.o
 .text.record_test_point
                0x00000434       0x64 output/tmp/main.o
 .text.record_trace
                0x00000498       0x60 output/tmp/main.o
 .text.simulate_runtime
                0x000004f8      0x3b8 output/tmp/main.o
                0x000004f8                simulate_runtime
 .text.vLedTask
                0x000008b0       0x74 output/tmp/main.o
 .text.vSenderTask
                0x00000924       0x40 output/tmp/main.o
 .text.vRecvTask
                0x00000964       0x38 output/tmp/main.o
 .text.vIdleTask
                0x0000099c       0x10 output/tmp/main.o
 .text.vTimerCallback
                0x000009ac       0x12 output/tmp/main.o
 *fill*         0x000009be        0x2 
 .text.main     0x000009c0      0x128 output/tmp/main.o
                0x000009c0                main
 .text.vApplicationStackOverflowHook
                0x00000ae8        0xc output/tmp/main.o
                0x00000ae8                vApplicationStackOverflowHook
 .text.memcpy   0x00000af4       0x3c output/tmp/libc_stubs.o
                0x00000af4                memcpy
 .text.memset   0x00000b30       0x34 output/tmp/libc_stubs.o
                0x00000b30                memset
 .text.prvCreateTask
                0x00000b64       0x7a output/tmp/tasks.o
 .text.xTaskCreate
                0x00000bde       0x48 output/tmp/tasks.o
                0x00000bde                xTaskCreate
 .text.prvInitialiseNewTask
                0x00000c26       0xe8 output/tmp/tasks.o
 *fill*         0x00000d0e        0x2 
 .text.prvAddNewTaskToReadyList
                0x00000d10      0x130 output/tmp/tasks.o
 .text.vTaskDelay
                0x00000e40       0x48 output/tmp/tasks.o
                0x00000e40                vTaskDelay
 .text.prvCreateIdleTasks
                0x00000e88       0xac output/tmp/tasks.o
 .text.vTaskStartScheduler
                0x00000f34       0x68 output/tmp/tasks.o
                0x00000f34                vTaskStartScheduler
 .text.vTaskSuspendAll
                0x00000f9c       0x1c output/tmp/tasks.o
                0x00000f9c                vTaskSuspendAll
 .text.xTaskResumeAll
                0x00000fb8      0x1f0 output/tmp/tasks.o
                0x00000fb8                xTaskResumeAll
 .text.xTaskGetTickCount
                0x000011a8       0x1c output/tmp/tasks.o
                0x000011a8                xTaskGetTickCount
 .text.xTaskIncrementTick
                0x000011c4      0x210 output/tmp/tasks.o
                0x000011c4                xTaskIncrementTick
 .text.vTaskSwitchContext
                0x000013d4       0xec output/tmp/tasks.o
                0x000013d4                vTaskSwitchContext
 .text.vTaskPlaceOnEventList
                0x000014c0       0x2c output/tmp/tasks.o
                0x000014c0                vTaskPlaceOnEventList
 .text.vTaskPlaceOnEventListRestricted
                0x000014ec       0x70 output/tmp/tasks.o
                0x000014ec                vTaskPlaceOnEventListRestricted
 .text.xTaskRemoveFromEventList
                0x0000155c      0x194 output/tmp/tasks.o
                0x0000155c                xTaskRemoveFromEventList
 .text.vTaskRemoveFromUnorderedEventList
                0x000016f0      0x144 output/tmp/tasks.o
                0x000016f0                vTaskRemoveFromUnorderedEventList
 .text.vTaskInternalSetTimeOutState
                0x00001834       0x2c output/tmp/tasks.o
                0x00001834                vTaskInternalSetTimeOutState
 .text.xTaskCheckForTimeOut
                0x00001860       0xb4 output/tmp/tasks.o
                0x00001860                xTaskCheckForTimeOut
 .text.vTaskMissedYield
                0x00001914       0x18 output/tmp/tasks.o
                0x00001914                vTaskMissedYield
 .text.prvIdleTask
                0x0000192c       0x30 output/tmp/tasks.o
 .text.prvInitialiseTaskLists
                0x0000195c       0x80 output/tmp/tasks.o
 .text.prvCheckTasksWaitingTermination
                0x000019dc       0x5c output/tmp/tasks.o
 .text.prvDeleteTCB
                0x00001a38       0x20 output/tmp/tasks.o
 .text.prvResetNextTaskUnblockTime
                0x00001a58       0x34 output/tmp/tasks.o
 .text.xTaskGetSchedulerState
                0x00001a8c       0x3c output/tmp/tasks.o
                0x00001a8c                xTaskGetSchedulerState
 .text.xTaskPriorityInherit
                0x00001ac8      0x140 output/tmp/tasks.o
                0x00001ac8                xTaskPriorityInherit
 .text.xTaskPriorityDisinherit
                0x00001c08      0x108 output/tmp/tasks.o
                0x00001c08                xTaskPriorityDisinherit
 .text.vTaskPriorityDisinheritAfterTimeout
                0x00001d10      0x130 output/tmp/tasks.o
                0x00001d10                vTaskPriorityDisinheritAfterTimeout
 .text.pvTaskIncrementMutexHeldCount
                0x00001e40       0x2c output/tmp/tasks.o
                0x00001e40                pvTaskIncrementMutexHeldCount
 .text.prvAddCurrentTaskToDelayedList
                0x00001e6c      0x10c output/tmp/tasks.o
 .text.xQueueGenericReset
                0x00001f78       0xe8 output/tmp/queue.o
                0x00001f78                xQueueGenericReset
 .text.xQueueGenericCreate
                0x00002060       0x7e output/tmp/queue.o
                0x00002060                xQueueGenericCreate
 .text.prvInitialiseNewQueue
                0x000020de       0x46 output/tmp/queue.o
 .text.prvInitialiseMutex
                0x00002124       0x34 output/tmp/queue.o
 .text.xQueueCreateMutex
                0x00002158       0x30 output/tmp/queue.o
                0x00002158                xQueueCreateMutex
 .text.xQueueCreateCountingSemaphore
                0x00002188       0x3e output/tmp/queue.o
                0x00002188                xQueueCreateCountingSemaphore
 *fill*         0x000021c6        0x2 
 .text.xQueueGenericSend
                0x000021c8      0x150 output/tmp/queue.o
                0x000021c8                xQueueGenericSend
 .text.xQueueReceive
                0x00002318      0x140 output/tmp/queue.o
                0x00002318                xQueueReceive
 .text.xQueueSemaphoreTake
                0x00002458      0x18c output/tmp/queue.o
                0x00002458                xQueueSemaphoreTake
 .text.prvGetHighestPriorityOfWaitToReceiveList
                0x000025e4       0x2e output/tmp/queue.o
 .text.prvCopyDataToQueue
                0x00002612       0xd4 output/tmp/queue.o
 .text.prvCopyDataFromQueue
                0x000026e6       0x4c output/tmp/queue.o
 .text.prvUnlockQueue
                0x00002732       0xa4 output/tmp/queue.o
 .text.prvIsQueueEmpty
                0x000027d6       0x2c output/tmp/queue.o
 .text.prvIsQueueFull
                0x00002802       0x30 output/tmp/queue.o
 .text.vQueueWaitForMessageRestricted
                0x00002832       0x64 output/tmp/queue.o
                0x00002832                vQueueWaitForMessageRestricted
 .text.vListInitialise
                0x00002896       0x3e output/tmp/list.o
                0x00002896                vListInitialise
 .text.vListInitialiseItem
                0x000028d4       0x18 output/tmp/list.o
                0x000028d4                vListInitialiseItem
 .text.vListInsert
                0x000028ec       0x70 output/tmp/list.o
                0x000028ec                vListInsert
 .text.uxListRemove
                0x0000295c       0x52 output/tmp/list.o
                0x0000295c                uxListRemove
 *fill*         0x000029ae        0x2 
 .text.xTimerCreateTimerTask
                0x000029b0       0x48 output/tmp/timers.o
                0x000029b0                xTimerCreateTimerTask
 .text.xTimerCreate
                0x000029f8       0x42 output/tmp/timers.o
                0x000029f8                xTimerCreate
 .text.prvInitialiseNewTimer
                0x00002a3a       0x54 output/tmp/timers.o
 *fill*         0x00002a8e        0x2 
 .text.xTimerGenericCommandFromTask
                0x00002a90       0x70 output/tmp/timers.o
                0x00002a90                xTimerGenericCommandFromTask
 .text.prvReloadTimer
                0x00002b00       0x42 output/tmp/timers.o
 *fill*         0x00002b42        0x2 
 .text.prvProcessExpiredTimer
                0x00002b44       0x60 output/tmp/timers.o
 .text.prvTimerTask
                0x00002ba4       0x24 output/tmp/timers.o
 .text.prvProcessTimerOrBlockTask
                0x00002bc8       0x9c output/tmp/timers.o
 .text.prvGetNextExpireTime
                0x00002c64       0x44 output/tmp/timers.o
 .text.prvSampleTimeNow
                0x00002ca8       0x40 output/tmp/timers.o
 .text.prvInsertTimerInActiveList
                0x00002ce8       0x84 output/tmp/timers.o
 .text.prvProcessReceivedCommands
                0x00002d6c      0x198 output/tmp/timers.o
 .text.prvSwitchTimerLists
                0x00002f04       0x4c output/tmp/timers.o
 .text.prvCheckForValidListAndQueue
                0x00002f50       0x54 output/tmp/timers.o
 .text.xEventGroupCreate
                0x00002fa4       0x2e output/tmp/event_groups.o
                0x00002fa4                xEventGroupCreate
 .text.xEventGroupSetBits
                0x00002fd2       0xde output/tmp/event_groups.o
                0x00002fd2                xEventGroupSetBits
 .text.pxPortInitialiseStack
                0x000030b0       0x68 output/tmp/port.o
                0x000030b0                pxPortInitialiseStack
 .text.prvTaskExitError
                0x00003118       0x32 output/tmp/port.o
 *fill*         0x0000314a        0x2 
 .text.vPortSVCHandler
                0x0000314c       0x24 output/tmp/port.o
                0x0000314c                vPortSVCHandler
 .text.prvPortStartFirstTask
                0x00003170       0x2c output/tmp/port.o
 .text.xPortStartScheduler
                0x0000319c       0x70 output/tmp/port.o
                0x0000319c                xPortStartScheduler
 .text.vPortEnterCritical
                0x0000320c       0x34 output/tmp/port.o
                0x0000320c                vPortEnterCritical
 .text.vPortExitCritical
                0x00003240       0x34 output/tmp/port.o
                0x00003240                vPortExitCritical
 .text.xPortPendSVHandler
                0x00003274       0x60 output/tmp/port.o
                0x00003274                xPortPendSVHandler
 .text.xPortSysTickHandler
                0x000032d4       0x44 output/tmp/port.o
                0x000032d4                xPortSysTickHandler
 .text.vPortSetupTimerInterrupt
                0x00003318       0x34 output/tmp/port.o
                0x00003318                vPortSetupTimerInterrupt
 .text.vPortEnableVFP
                0x0000334c       0x18 output/tmp/port.o
 .text.pvPortMalloc
                0x00003364      0x164 output/tmp/heap_4.o
                0x00003364                pvPortMalloc
 .text.vPortFree
                0x000034c8       0x74 output/tmp/heap_4.o
                0x000034c8                vPortFree
 .text.prvHeapInit
                0x0000353c       0xb4 output/tmp/heap_4.o
 .text.prvInsertBlockIntoFreeList
                0x000035f0       0xb0 output/tmp/heap_4.o
 *(.rodata)
 .rodata        0x000036a0      0x1c2 output/tmp/main.o
 *fill*         0x00003862        0x2 
 .rodata        0x00003864        0x5 output/tmp/tasks.o
 *fill*         0x00003869        0x3 
 .rodata        0x0000386c        0x8 output/tmp/timers.o
 *(.rodata.*)
 .rodata.uxTopUsedPriority
                0x00003874        0x4 output/tmp/tasks.o
                0x00003878                        . = ALIGN (0x4)
                0x00003878                        _etext = .
                0x00003878                        _sidata = LOADADDR (.data)

.glue_7         0x00003878        0x0
 .glue_7        0x00003878        0x0 linker stubs

.glue_7t        0x00003878        0x0
 .glue_7t       0x00003878        0x0 linker stubs

.vfp11_veneer   0x00003878        0x0
 .vfp11_veneer  0x00003878        0x0 linker stubs

.v4_bx          0x00003878        0x0
 .v4_bx         0x00003878        0x0 linker stubs

.iplt           0x00003878        0x0
 .iplt          0x00003878        0x0 output/tmp/startup.o

.rel.dyn        0x00003878        0x0
 .rel.iplt      0x00003878        0x0 output/tmp/startup.o

.data           0x20000000        0x4 load address 0x00003878
                0x20000000                        . = ALIGN (0x4)
                0x20000000                        _sdata = .
 *(.data)
 *(.data.*)
 .data.uxCriticalNesting
                0x20000000        0x4 output/tmp/port.o
                0x20000004                        . = ALIGN (0x4)
                0x20000004                        _edata = .

.igot.plt       0x20000004        0x0 load address 0x0000387c
 .igot.plt      0x20000004        0x0 output/tmp/startup.o

.bss            0x20000004     0x8bc0 load address 0x0000387c
                0x20000004                        . = ALIGN (0x4)
                0x20000004                        _sbss = .
 *(.bss)
 *(.bss.*)
 .bss.g_assert_infos
                0x20000004      0x4a0 output/tmp/main.o
                0x20000004                g_assert_infos
 .bss.g_test_points
                0x200004a4      0x100 output/tmp/main.o
                0x200004a4                g_test_points
 .bss.g_trace_buffer
                0x200005a4      0x280 output/tmp/main.o
                0x200005a4                g_trace_buffer
 .bss.g_trace_write_idx
                0x20000824        0x4 output/tmp/main.o
                0x20000824                g_trace_write_idx
 .bss.g_system_ticks
                0x20000828        0x4 output/tmp/main.o
                0x20000828                g_system_ticks
 .bss.g_error_count
                0x2000082c        0x4 output/tmp/main.o
                0x2000082c                g_error_count
 .bss.g_system_status
                0x20000830        0x1 output/tmp/main.o
                0x20000830                g_system_status
 *fill*         0x20000831        0x3 
 .bss.g_active_assert_idx
                0x20000834        0x4 output/tmp/main.o
                0x20000834                g_active_assert_idx
 .bss.g_string_pool
                0x20000838      0x200 output/tmp/main.o
                0x20000838                g_string_pool
 .bss.g_string_pool_used
                0x20000a38        0x4 output/tmp/main.o
                0x20000a38                g_string_pool_used
 .bss.g_rtos_started
                0x20000a3c        0x4 output/tmp/main.o
                0x20000a3c                g_rtos_started
 .bss.xMutex    0x20000a40        0x4 output/tmp/main.o
                0x20000a40                xMutex
 .bss.xCountSem
                0x20000a44        0x4 output/tmp/main.o
                0x20000a44                xCountSem
 .bss.xQueue    0x20000a48        0x4 output/tmp/main.o
                0x20000a48                xQueue
 .bss.xEventGrp
                0x20000a4c        0x4 output/tmp/main.o
                0x20000a4c                xEventGrp
 .bss.xTimer    0x20000a50        0x4 output/tmp/main.o
                0x20000a50                xTimer
 .bss.xLedTaskH
                0x20000a54        0x4 output/tmp/main.o
                0x20000a54                xLedTaskH
 .bss.xSenderTaskH
                0x20000a58        0x4 output/tmp/main.o
                0x20000a58                xSenderTaskH
 .bss.xRecvTaskH
                0x20000a5c        0x4 output/tmp/main.o
                0x20000a5c                xRecvTaskH
 .bss.xIdleTaskH
                0x20000a60        0x4 output/tmp/main.o
                0x20000a60                xIdleTaskH
 .bss.g_shared_counter
                0x20000a64        0x4 output/tmp/main.o
                0x20000a64                g_shared_counter
 .bss.pxCurrentTCB
                0x20000a68        0x4 output/tmp/tasks.o
                0x20000a68                pxCurrentTCB
 .bss.pxReadyTasksLists
                0x20000a6c       0x64 output/tmp/tasks.o
 .bss.xDelayedTaskList1
                0x20000ad0       0x14 output/tmp/tasks.o
 .bss.xDelayedTaskList2
                0x20000ae4       0x14 output/tmp/tasks.o
 .bss.pxDelayedTaskList
                0x20000af8        0x4 output/tmp/tasks.o
 .bss.pxOverflowDelayedTaskList
                0x20000afc        0x4 output/tmp/tasks.o
 .bss.xPendingReadyList
                0x20000b00       0x14 output/tmp/tasks.o
 .bss.xTasksWaitingTermination
                0x20000b14       0x14 output/tmp/tasks.o
 .bss.uxDeletedTasksWaitingCleanUp
                0x20000b28        0x4 output/tmp/tasks.o
 .bss.xSuspendedTaskList
                0x20000b2c       0x14 output/tmp/tasks.o
 .bss.uxCurrentNumberOfTasks
                0x20000b40        0x4 output/tmp/tasks.o
 .bss.xTickCount
                0x20000b44        0x4 output/tmp/tasks.o
 .bss.uxTopReadyPriority
                0x20000b48        0x4 output/tmp/tasks.o
 .bss.xSchedulerRunning
                0x20000b4c        0x4 output/tmp/tasks.o
 .bss.xPendedTicks
                0x20000b50        0x4 output/tmp/tasks.o
 .bss.xYieldPendings
                0x20000b54        0x4 output/tmp/tasks.o
 .bss.xNumOfOverflows
                0x20000b58        0x4 output/tmp/tasks.o
 .bss.uxTaskNumber
                0x20000b5c        0x4 output/tmp/tasks.o
 .bss.xNextTaskUnblockTime
                0x20000b60        0x4 output/tmp/tasks.o
 .bss.xIdleTaskHandles
                0x20000b64        0x4 output/tmp/tasks.o
 .bss.uxSchedulerSuspended
                0x20000b68        0x4 output/tmp/tasks.o
 .bss.xActiveTimerList1
                0x20000b6c       0x14 output/tmp/timers.o
 .bss.xActiveTimerList2
                0x20000b80       0x14 output/tmp/timers.o
 .bss.pxCurrentTimerList
                0x20000b94        0x4 output/tmp/timers.o
 .bss.pxOverflowTimerList
                0x20000b98        0x4 output/tmp/timers.o
 .bss.xTimerQueue
                0x20000b9c        0x4 output/tmp/timers.o
 .bss.xTimerTaskHandle
                0x20000ba0        0x4 output/tmp/timers.o
 .bss.xLastTime.0
                0x20000ba4        0x4 output/tmp/timers.o
 .bss.ucHeap    0x20000ba8     0x8000 output/tmp/heap_4.o
 .bss.xStart    0x20008ba8        0x8 output/tmp/heap_4.o
 .bss.pxEnd     0x20008bb0        0x4 output/tmp/heap_4.o
 .bss.xFreeBytesRemaining
                0x20008bb4        0x4 output/tmp/heap_4.o
 .bss.xMinimumEverFreeBytesRemaining
                0x20008bb8        0x4 output/tmp/heap_4.o
 .bss.xNumberOfSuccessfulAllocations
                0x20008bbc        0x4 output/tmp/heap_4.o
 .bss.xNumberOfSuccessfulFrees
                0x20008bc0        0x4 output/tmp/heap_4.o
 *(COMMON)
                0x20008bc4                        . = ALIGN (0x4)
                0x20008bc4                        _ebss = .

/DISCARD/
 *(.ARM.exidx*)
 *(.ARM.extab*)
 *(.comment)
 *(.note.*)
OUTPUT(output/img/test_firmware_freertos.elf elf32-littlearm)
LOAD linker stubs

.ARM.attributes
                0x00000000       0x35
 .ARM.attributes
                0x00000000       0x25 output/tmp/startup.o
 .ARM.attributes
                0x00000025       0x34 output/tmp/main.o
 .ARM.attributes
                0x00000059       0x34 output/tmp/libc_stubs.o
 .ARM.attributes
                0x0000008d       0x34 output/tmp/tasks.o
 .ARM.attributes
                0x000000c1       0x34 output/tmp/queue.o
 .ARM.attributes
                0x000000f5       0x34 output/tmp/list.o
 .ARM.attributes
                0x00000129       0x34 output/tmp/timers.o
 .ARM.attributes
                0x0000015d       0x34 output/tmp/event_groups.o
 .ARM.attributes
                0x00000191       0x34 output/tmp/port.o
 .ARM.attributes
                0x000001c5       0x34 output/tmp/heap_4.o

.debug_line     0x00000000     0x46e9
 .debug_line    0x00000000       0x65 output/tmp/startup.o
 .debug_line    0x00000065      0x5f2 output/tmp/main.o
 .debug_line    0x00000657      0x260 output/tmp/libc_stubs.o
 .debug_line    0x000008b7     0x18b5 output/tmp/tasks.o
 .debug_line    0x0000216c      0xca3 output/tmp/queue.o
 .debug_line    0x00002e0f      0x2d8 output/tmp/list.o
 .debug_line    0x000030e7      0x7fc output/tmp/timers.o
 .debug_line    0x000038e3      0x553 output/tmp/event_groups.o
 .debug_line    0x00003e36      0x390 output/tmp/port.o
 .debug_line    0x000041c6      0x523 output/tmp/heap_4.o

.debug_info     0x00000000     0x6cef
 .debug_info    0x00000000       0x22 output/tmp/startup.o
 .debug_info    0x00000022      0xcce output/tmp/main.o
 .debug_info    0x00000cf0      0x2de output/tmp/libc_stubs.o
 .debug_info    0x00000fce     0x264b output/tmp/tasks.o
 .debug_info    0x00003619     0x1379 output/tmp/queue.o
 .debug_info    0x00004992      0x2b9 output/tmp/list.o
 .debug_info    0x00004c4b      0xf3d output/tmp/timers.o
 .debug_info    0x00005b88      0x947 output/tmp/event_groups.o
 .debug_info    0x000064cf      0x342 output/tmp/port.o
 .debug_info    0x00006811      0x4de output/tmp/heap_4.o

.debug_abbrev   0x00000000     0x1418
 .debug_abbrev  0x00000000       0x12 output/tmp/startup.o
 .debug_abbrev  0x00000012      0x2b1 output/tmp/main.o
 .debug_abbrev  0x000002c3       0xc5 output/tmp/libc_stubs.o
 .debug_abbrev  0x00000388      0x384 output/tmp/tasks.o
 .debug_abbrev  0x0000070c      0x2c9 output/tmp/queue.o
 .debug_abbrev  0x000009d5       0xeb output/tmp/list.o
 .debug_abbrev  0x00000ac0      0x2c1 output/tmp/timers.o
 .debug_abbrev  0x00000d81      0x28d output/tmp/event_groups.o
 .debug_abbrev  0x0000100e      0x21e output/tmp/port.o
 .debug_abbrev  0x0000122c      0x1ec output/tmp/heap_4.o

.debug_aranges  0x00000000      0x770
 .debug_aranges
                0x00000000       0x28 output/tmp/startup.o
 .debug_aranges
                0x00000028       0xa8 output/tmp/main.o
 .debug_aranges
                0x000000d0       0x68 output/tmp/libc_stubs.o
 .debug_aranges
                0x00000138      0x258 output/tmp/tasks.o
 .debug_aranges
                0x00000390      0x128 output/tmp/queue.o
 .debug_aranges
                0x000004b8       0x40 output/tmp/list.o
 .debug_aranges
                0x000004f8      0x108 output/tmp/timers.o
 .debug_aranges
                0x00000600       0x88 output/tmp/event_groups.o
 .debug_aranges
                0x00000688       0x78 output/tmp/port.o
 .debug_aranges
                0x00000700       0x70 output/tmp/heap_4.o

.debug_str      0x00000000    0x14a3a
 .debug_str     0x00000000    0x14a3a output/tmp/startup.o
                                 0x5c (size before relaxing)
 .debug_str     0x00014a3a        0x0 output/tmp/main.o
                              0x10fd4 (size before relaxing)
 .debug_str     0x00014a3a        0x0 output/tmp/libc_stubs.o
                               0x32f9 (size before relaxing)
 .debug_str     0x00014a3a        0x0 output/tmp/tasks.o
                              0x11860 (size before relaxing)
 .debug_str     0x00014a3a        0x0 output/tmp/queue.o
                              0x10507 (size before relaxing)
 .debug_str     0x00014a3a        0x0 output/tmp/list.o
                               0xdca6 (size before relaxing)
 .debug_str     0x00014a3a        0x0 output/tmp/timers.o
                              0x109a1 (size before relaxing)
 .debug_str     0x00014a3a        0x0 output/tmp/event_groups.o
                               0xffed (size before relaxing)
 .debug_str     0x00014a3a        0x0 output/tmp/port.o
                               0xf94d (size before relaxing)
 .debug_str     0x00014a3a        0x0 output/tmp/heap_4.o
                               0xf818 (size before relaxing)

.debug_ranges   0x00000000      0x6f8
 .debug_ranges  0x00000000       0x20 output/tmp/startup.o
 .debug_ranges  0x00000020       0x98 output/tmp/main.o
 .debug_ranges  0x000000b8       0x58 output/tmp/libc_stubs.o
 .debug_ranges  0x00000110      0x268 output/tmp/tasks.o
 .debug_ranges  0x00000378      0x118 output/tmp/queue.o
 .debug_ranges  0x00000490       0x30 output/tmp/list.o
 .debug_ranges  0x000004c0       0xf8 output/tmp/timers.o
 .debug_ranges  0x000005b8       0x78 output/tmp/event_groups.o
 .debug_ranges  0x00000630       0x68 output/tmp/port.o
 .debug_ranges  0x00000698       0x60 output/tmp/heap_4.o

.debug_macro    0x00000000     0x3489
 .debug_macro   0x00000000       0xf7 output/tmp/main.o
 .debug_macro   0x000000f7      0xaea output/tmp/main.o
 .debug_macro   0x00000be1      0x523 output/tmp/main.o
 .debug_macro   0x00001104       0x22 output/tmp/main.o
 .debug_macro   0x00001126      0x1a5 output/tmp/main.o
 .debug_macro   0x000012cb       0x16 output/tmp/main.o
 .debug_macro   0x000012e1      0x190 output/tmp/main.o
 .debug_macro   0x00001471       0x3a output/tmp/main.o
 .debug_macro   0x000014ab      0x182 output/tmp/main.o
 .debug_macro   0x0000162d       0xe0 output/tmp/main.o
 .debug_macro   0x0000170d       0x34 output/tmp/main.o
 .debug_macro   0x00001741       0x1f output/tmp/main.o
 .debug_macro   0x00001760       0x12 output/tmp/main.o
 .debug_macro   0x00001772     0x1073 output/tmp/main.o
 .debug_macro   0x000027e5       0xc3 output/tmp/main.o
 .debug_macro   0x000028a8      0x161 output/tmp/main.o
 .debug_macro   0x00002a09       0x80 output/tmp/main.o
 .debug_macro   0x00002a89       0x77 output/tmp/main.o
 .debug_macro   0x00002b00       0x9e output/tmp/main.o
 .debug_macro   0x00002b9e       0x23 output/tmp/main.o
 .debug_macro   0x00002bc1       0x1a output/tmp/libc_stubs.o
 .debug_macro   0x00002bdb      0x1ad output/tmp/tasks.o
 .debug_macro   0x00002d88       0x98 output/tmp/tasks.o
 .debug_macro   0x00002e20       0x16 output/tmp/tasks.o
 .debug_macro   0x00002e36      0x120 output/tmp/queue.o
 .debug_macro   0x00002f56       0xab output/tmp/list.o
 .debug_macro   0x00003001       0xfa output/tmp/timers.o
 .debug_macro   0x000030fb       0xe0 output/tmp/event_groups.o
 .debug_macro   0x000031db      0x190 output/tmp/port.o
 .debug_macro   0x0000336b      0x11e output/tmp/heap_4.o

.debug_frame    0x00000000     0x1ddc
 .debug_frame   0x00000000      0x280 output/tmp/main.o
 .debug_frame   0x00000280      0x1a0 output/tmp/libc_stubs.o
 .debug_frame   0x00000420      0xa74 output/tmp/tasks.o
 .debug_frame   0x00000e94      0x504 output/tmp/queue.o
 .debug_frame   0x00001398       0xd8 output/tmp/list.o
 .debug_frame   0x00001470      0x44c output/tmp/timers.o
 .debug_frame   0x000018bc      0x218 output/tmp/event_groups.o
 .debug_frame   0x00001ad4      0x178 output/tmp/port.o
 .debug_frame   0x00001c4c      0x190 output/tmp/heap_4.o
