
Merging object attributes


Merging program properties


Discarded input sections

 .text          0x0000000000000000        0x0 /Users/yangtao/Documents/tests/qemu_aarch64_bare/firmware/output/tmp/startup.o
 .data          0x0000000000000000        0x0 /Users/yangtao/Documents/tests/qemu_aarch64_bare/firmware/output/tmp/startup.o
 .bss           0x0000000000000000        0x0 /Users/yangtao/Documents/tests/qemu_aarch64_bare/firmware/output/tmp/startup.o
 .group         0x0000000000000000        0xc /Users/yangtao/Documents/tests/qemu_aarch64_bare/firmware/output/tmp/main.o
 .group         0x0000000000000000        0xc /Users/yangtao/Documents/tests/qemu_aarch64_bare/firmware/output/tmp/main.o
 .group         0x0000000000000000        0xc /Users/yangtao/Documents/tests/qemu_aarch64_bare/firmware/output/tmp/main.o
 .text          0x0000000000000000        0x0 /Users/yangtao/Documents/tests/qemu_aarch64_bare/firmware/output/tmp/main.o
 .data          0x0000000000000000        0x0 /Users/yangtao/Documents/tests/qemu_aarch64_bare/firmware/output/tmp/main.o
 .bss           0x0000000000000000        0x0 /Users/yangtao/Documents/tests/qemu_aarch64_bare/firmware/output/tmp/main.o
 .comment       0x0000000000000000       0x13 /Users/yangtao/Documents/tests/qemu_aarch64_bare/firmware/output/tmp/main.o
 .note.gnu.property
                0x0000000000000000        0x0 /Users/yangtao/Documents/tests/qemu_aarch64_bare/firmware/output/tmp/main.o

Memory Configuration

Name             Origin             Length             Attributes
RAM              0x0000000040000000 0x0000000004000000 xrw
*default*        0x0000000000000000 0xffffffffffffffff

Linker script and memory map

LOAD /Users/yangtao/Documents/tests/qemu_aarch64_bare/firmware/output/tmp/startup.o
LOAD /Users/yangtao/Documents/tests/qemu_aarch64_bare/firmware/output/tmp/main.o
                0x0000000044000000                _estack = (ORIGIN (RAM) + LENGTH (RAM))

.text           0x0000000040000000      0xe70
                0x0000000040000000                . = ALIGN (0x10)
 *(.text.startup)
 .text.startup  0x0000000040000000       0x50 /Users/yangtao/Documents/tests/qemu_aarch64_bare/firmware/output/tmp/startup.o
                0x0000000040000000                _start
 *(.text)
 *(.text.*)
 .text.str_pool_put
                0x0000000040000050       0xf4 /Users/yangtao/Documents/tests/qemu_aarch64_bare/firmware/output/tmp/main.o
 .text.firmware_init
                0x0000000040000144      0x3bc /Users/yangtao/Documents/tests/qemu_aarch64_bare/firmware/output/tmp/main.o
                0x0000000040000144                firmware_init
 .text.record_assert
                0x0000000040000500      0x140 /Users/yangtao/Documents/tests/qemu_aarch64_bare/firmware/output/tmp/main.o
 .text.record_test_point
                0x0000000040000640       0xc8 /Users/yangtao/Documents/tests/qemu_aarch64_bare/firmware/output/tmp/main.o
 .text.record_trace
                0x0000000040000708       0xa8 /Users/yangtao/Documents/tests/qemu_aarch64_bare/firmware/output/tmp/main.o
 .text.simulate_runtime
                0x00000000400007b0      0x490 /Users/yangtao/Documents/tests/qemu_aarch64_bare/firmware/output/tmp/main.o
                0x00000000400007b0                simulate_runtime
 .text.trigger_crash_assert
                0x0000000040000c40       0x20 /Users/yangtao/Documents/tests/qemu_aarch64_bare/firmware/output/tmp/main.o
                0x0000000040000c40                trigger_crash_assert
 .text.main     0x0000000040000c60       0x18 /Users/yangtao/Documents/tests/qemu_aarch64_bare/firmware/output/tmp/main.o
                0x0000000040000c60                main
 *(.rodata)
 .rodata        0x0000000040000c78      0x1ec /Users/yangtao/Documents/tests/qemu_aarch64_bare/firmware/output/tmp/main.o
 *(.rodata.*)
                0x0000000040000e70                . = ALIGN (0x10)
 *fill*         0x0000000040000e64        0xc 
                0x0000000040000e70                _etext = .
                0x0000000040000e70                _sidata = LOADADDR (.data)

.iplt           0x0000000040000e70        0x0
 .iplt          0x0000000040000e70        0x0 /Users/yangtao/Documents/tests/qemu_aarch64_bare/firmware/output/tmp/startup.o

.rela.dyn       0x0000000040000e70        0x0
 .rela.iplt     0x0000000040000e70        0x0 /Users/yangtao/Documents/tests/qemu_aarch64_bare/firmware/output/tmp/startup.o
 .rela.text.startup
                0x0000000040000e70        0x0 /Users/yangtao/Documents/tests/qemu_aarch64_bare/firmware/output/tmp/startup.o

.data           0x0000000040000e70        0x0
                0x0000000040000e70                . = ALIGN (0x10)
                0x0000000040000e70                _sdata = .
 *(.data)
 *(.data.*)
                0x0000000040000e70                . = ALIGN (0x10)
                0x0000000040000e70                _edata = .

.igot.plt       0x0000000040000e70        0x0
 .igot.plt      0x0000000040000e70        0x0 /Users/yangtao/Documents/tests/qemu_aarch64_bare/firmware/output/tmp/startup.o

.bss            0x0000000040000e70      0xd00
                0x0000000040000e70                . = ALIGN (0x10)
                0x0000000040000e70                _sbss = .
 *(.bss)
 *(.bss.*)
 .bss.g_assert_infos
                0x0000000040000e70      0x720 /Users/yangtao/Documents/tests/qemu_aarch64_bare/firmware/output/tmp/main.o
                0x0000000040000e70                g_assert_infos
 .bss.g_test_points
                0x0000000040001590      0x140 /Users/yangtao/Documents/tests/qemu_aarch64_bare/firmware/output/tmp/main.o
                0x0000000040001590                g_test_points
 .bss.g_trace_buffer
                0x00000000400016d0      0x280 /Users/yangtao/Documents/tests/qemu_aarch64_bare/firmware/output/tmp/main.o
                0x00000000400016d0                g_trace_buffer
 .bss.g_trace_write_idx
                0x0000000040001950        0x4 /Users/yangtao/Documents/tests/qemu_aarch64_bare/firmware/output/tmp/main.o
                0x0000000040001950                g_trace_write_idx
 .bss.g_system_ticks
                0x0000000040001954        0x4 /Users/yangtao/Documents/tests/qemu_aarch64_bare/firmware/output/tmp/main.o
                0x0000000040001954                g_system_ticks
 .bss.g_error_count
                0x0000000040001958        0x4 /Users/yangtao/Documents/tests/qemu_aarch64_bare/firmware/output/tmp/main.o
                0x0000000040001958                g_error_count
 .bss.g_system_status
                0x000000004000195c        0x1 /Users/yangtao/Documents/tests/qemu_aarch64_bare/firmware/output/tmp/main.o
                0x000000004000195c                g_system_status
 *fill*         0x000000004000195d        0x3 
 .bss.g_active_assert_idx
                0x0000000040001960        0x4 /Users/yangtao/Documents/tests/qemu_aarch64_bare/firmware/output/tmp/main.o
                0x0000000040001960                g_active_assert_idx
 *fill*         0x0000000040001964        0x4 
 .bss.g_string_pool
                0x0000000040001968      0x200 /Users/yangtao/Documents/tests/qemu_aarch64_bare/firmware/output/tmp/main.o
                0x0000000040001968                g_string_pool
 .bss.g_string_pool_used
                0x0000000040001b68        0x4 /Users/yangtao/Documents/tests/qemu_aarch64_bare/firmware/output/tmp/main.o
                0x0000000040001b68                g_string_pool_used
 *(COMMON)
                0x0000000040001b70                . = ALIGN (0x10)
 *fill*         0x0000000040001b6c        0x4 
                0x0000000040001b70                _ebss = .

/DISCARD/
 *(.comment)
 *(.note.*)
 *(.eh_frame*)
OUTPUT(/Users/yangtao/Documents/tests/qemu_aarch64_bare/firmware/output/img/test_firmware_aarch64.elf elf64-littleaarch64)
LOAD linker stubs

.debug_line     0x0000000000000000      0x46c
 .debug_line    0x0000000000000000       0x84 /Users/yangtao/Documents/tests/qemu_aarch64_bare/firmware/output/tmp/startup.o
 .debug_line    0x0000000000000084      0x3e8 /Users/yangtao/Documents/tests/qemu_aarch64_bare/firmware/output/tmp/main.o

.debug_info     0x0000000000000000      0x675
 .debug_info    0x0000000000000000       0x27 /Users/yangtao/Documents/tests/qemu_aarch64_bare/firmware/output/tmp/startup.o
 .debug_info    0x0000000000000027      0x64e /Users/yangtao/Documents/tests/qemu_aarch64_bare/firmware/output/tmp/main.o

.debug_abbrev   0x0000000000000000      0x1bf
 .debug_abbrev  0x0000000000000000       0x14 /Users/yangtao/Documents/tests/qemu_aarch64_bare/firmware/output/tmp/startup.o
 .debug_abbrev  0x0000000000000014      0x1ab /Users/yangtao/Documents/tests/qemu_aarch64_bare/firmware/output/tmp/main.o

.debug_aranges  0x0000000000000000       0xd0
 .debug_aranges
                0x0000000000000000       0x30 /Users/yangtao/Documents/tests/qemu_aarch64_bare/firmware/output/tmp/startup.o
 .debug_aranges
                0x0000000000000030       0xa0 /Users/yangtao/Documents/tests/qemu_aarch64_bare/firmware/output/tmp/main.o

.debug_str      0x0000000000000000     0x4a27
 .debug_str     0x0000000000000000     0x4a27 /Users/yangtao/Documents/tests/qemu_aarch64_bare/firmware/output/tmp/startup.o
                                         0x8c (size before relaxing)
 .debug_str     0x0000000000004a27        0x0 /Users/yangtao/Documents/tests/qemu_aarch64_bare/firmware/output/tmp/main.o
                                       0x4da0 (size before relaxing)

.debug_ranges   0x0000000000000000       0x90
 .debug_ranges  0x0000000000000000       0x90 /Users/yangtao/Documents/tests/qemu_aarch64_bare/firmware/output/tmp/main.o

.debug_macro    0x0000000000000000     0x1128
 .debug_macro   0x0000000000000000       0x2d /Users/yangtao/Documents/tests/qemu_aarch64_bare/firmware/output/tmp/main.o
 .debug_macro   0x000000000000002d      0xbb6 /Users/yangtao/Documents/tests/qemu_aarch64_bare/firmware/output/tmp/main.o
 .debug_macro   0x0000000000000be3      0x523 /Users/yangtao/Documents/tests/qemu_aarch64_bare/firmware/output/tmp/main.o
 .debug_macro   0x0000000000001106       0x22 /Users/yangtao/Documents/tests/qemu_aarch64_bare/firmware/output/tmp/main.o

.debug_frame    0x0000000000000000      0x130
 .debug_frame   0x0000000000000000      0x130 /Users/yangtao/Documents/tests/qemu_aarch64_bare/firmware/output/tmp/main.o
