
Merging object attributes


Discarded input sections

 .text          0x00000000        0x0 /Users/yangtao/Documents/tests/qemu_riscv_bare/firmware/output/tmp/startup.o
 .data          0x00000000        0x0 /Users/yangtao/Documents/tests/qemu_riscv_bare/firmware/output/tmp/startup.o
 .bss           0x00000000        0x0 /Users/yangtao/Documents/tests/qemu_riscv_bare/firmware/output/tmp/startup.o
 .riscv.attributes
                0x00000000       0x59 /Users/yangtao/Documents/tests/qemu_riscv_bare/firmware/output/tmp/startup.o
 .group         0x00000000        0xc /Users/yangtao/Documents/tests/qemu_riscv_bare/firmware/output/tmp/main.o
 .group         0x00000000        0xc /Users/yangtao/Documents/tests/qemu_riscv_bare/firmware/output/tmp/main.o
 .group         0x00000000        0xc /Users/yangtao/Documents/tests/qemu_riscv_bare/firmware/output/tmp/main.o
 .text          0x00000000        0x0 /Users/yangtao/Documents/tests/qemu_riscv_bare/firmware/output/tmp/main.o
 .data          0x00000000        0x0 /Users/yangtao/Documents/tests/qemu_riscv_bare/firmware/output/tmp/main.o
 .bss           0x00000000        0x0 /Users/yangtao/Documents/tests/qemu_riscv_bare/firmware/output/tmp/main.o
 .comment       0x00000000       0x13 /Users/yangtao/Documents/tests/qemu_riscv_bare/firmware/output/tmp/main.o
 .note.GNU-stack
                0x00000000        0x0 /Users/yangtao/Documents/tests/qemu_riscv_bare/firmware/output/tmp/main.o
 .riscv.attributes
                0x00000000       0x57 /Users/yangtao/Documents/tests/qemu_riscv_bare/firmware/output/tmp/main.o

Memory Configuration

Name             Origin             Length             Attributes
FLASH            0x20400000         0x00100000         xr
RAM              0x80000000         0x00004000         xrw
*default*        0x00000000         0xffffffff

Linker script and memory map

LOAD /Users/yangtao/Documents/tests/qemu_riscv_bare/firmware/output/tmp/startup.o
LOAD /Users/yangtao/Documents/tests/qemu_riscv_bare/firmware/output/tmp/main.o
                0x80004000                        _estack = (ORIGIN (RAM) + LENGTH (RAM))

.text           0x20400000      0xc10
                0x20400000                        . = ALIGN (0x4)
 *(.text.startup)
 .text.startup  0x20400000       0x3a /Users/yangtao/Documents/tests/qemu_riscv_bare/firmware/output/tmp/startup.o
                0x20400000                _start
 *(.text)
 *(.text.*)
 .text.str_pool_put
                0x2040003a       0xc6 /Users/yangtao/Documents/tests/qemu_riscv_bare/firmware/output/tmp/main.o
 .text.firmware_init
                0x20400100      0x31c /Users/yangtao/Documents/tests/qemu_riscv_bare/firmware/output/tmp/main.o
                0x20400100                firmware_init
 .text.record_assert
                0x2040041c       0xfc /Users/yangtao/Documents/tests/qemu_riscv_bare/firmware/output/tmp/main.o
 .text.record_test_point
                0x20400518       0xa6 /Users/yangtao/Documents/tests/qemu_riscv_bare/firmware/output/tmp/main.o
 .text.record_trace
                0x204005be       0x8c /Users/yangtao/Documents/tests/qemu_riscv_bare/firmware/output/tmp/main.o
 .text.simulate_runtime
                0x2040064a      0x3f8 /Users/yangtao/Documents/tests/qemu_riscv_bare/firmware/output/tmp/main.o
                0x2040064a                simulate_runtime
 .text.trigger_crash_assert
                0x20400a42       0x16 /Users/yangtao/Documents/tests/qemu_riscv_bare/firmware/output/tmp/main.o
                0x20400a42                trigger_crash_assert
 .text.main     0x20400a58       0x16 /Users/yangtao/Documents/tests/qemu_riscv_bare/firmware/output/tmp/main.o
                0x20400a58                main
 *(.rodata)
 *fill*         0x20400a6e        0x2 
 .rodata        0x20400a70      0x1a0 /Users/yangtao/Documents/tests/qemu_riscv_bare/firmware/output/tmp/main.o
 *(.rodata.*)
                0x20400c10                        . = ALIGN (0x4)
                0x20400c10                        _etext = .
                0x20400c10                        _sidata = LOADADDR (.data)

.rela.dyn       0x20400c10        0x0
 .rela.text.startup
                0x20400c10        0x0 /Users/yangtao/Documents/tests/qemu_riscv_bare/firmware/output/tmp/startup.o

.data           0x80000000        0x0 load address 0x20400c10
                0x80000000                        . = ALIGN (0x4)
                0x80000000                        _sdata = .
 *(.data)
 *(.data.*)
                0x80000000                        . = ALIGN (0x4)
                0x80000000                        _edata = .

.bss            0x80000000      0xa20 load address 0x20400c10
                0x80000000                        . = ALIGN (0x4)
                0x80000000                        _sbss = .
 *(.bss)
 *(.bss.*)
 .bss.g_assert_infos
                0x80000000      0x4a0 /Users/yangtao/Documents/tests/qemu_riscv_bare/firmware/output/tmp/main.o
                0x80000000                g_assert_infos
 .bss.g_test_points
                0x800004a0      0x100 /Users/yangtao/Documents/tests/qemu_riscv_bare/firmware/output/tmp/main.o
                0x800004a0                g_test_points
 .bss.g_trace_buffer
                0x800005a0      0x280 /Users/yangtao/Documents/tests/qemu_riscv_bare/firmware/output/tmp/main.o
                0x800005a0                g_trace_buffer
 .bss.g_string_pool
                0x80000820      0x200 /Users/yangtao/Documents/tests/qemu_riscv_bare/firmware/output/tmp/main.o
                0x80000820                g_string_pool
 *(COMMON)
                0x80000a20                        . = ALIGN (0x4)
                0x80000a20                        _ebss = .

.sbss.g_trace_write_idx
                0x80000a20        0x4 load address 0x20400c10
 .sbss.g_trace_write_idx
                0x80000a20        0x4 /Users/yangtao/Documents/tests/qemu_riscv_bare/firmware/output/tmp/main.o
                0x80000a20                g_trace_write_idx

.sbss.g_system_ticks
                0x80000a24        0x4 load address 0x20400c10
 .sbss.g_system_ticks
                0x80000a24        0x4 /Users/yangtao/Documents/tests/qemu_riscv_bare/firmware/output/tmp/main.o
                0x80000a24                g_system_ticks

.sbss.g_error_count
                0x80000a28        0x4 load address 0x20400c10
 .sbss.g_error_count
                0x80000a28        0x4 /Users/yangtao/Documents/tests/qemu_riscv_bare/firmware/output/tmp/main.o
                0x80000a28                g_error_count

.sbss.g_system_status
                0x80000a2c        0x1 load address 0x20400c10
 .sbss.g_system_status
                0x80000a2c        0x1 /Users/yangtao/Documents/tests/qemu_riscv_bare/firmware/output/tmp/main.o
                0x80000a2c                g_system_status

.sbss.g_active_assert_idx
                0x80000a30        0x4 load address 0x20400c10
 .sbss.g_active_assert_idx
                0x80000a30        0x4 /Users/yangtao/Documents/tests/qemu_riscv_bare/firmware/output/tmp/main.o
                0x80000a30                g_active_assert_idx

.sbss.g_string_pool_used
                0x80000a34        0x4 load address 0x20400c10
 .sbss.g_string_pool_used
                0x80000a34        0x4 /Users/yangtao/Documents/tests/qemu_riscv_bare/firmware/output/tmp/main.o
                0x80000a34                g_string_pool_used

/DISCARD/
 *(.comment)
 *(.note.*)
 *(.eh_frame*)
 *(.riscv.attributes)
OUTPUT(/Users/yangtao/Documents/tests/qemu_riscv_bare/firmware/output/img/test_firmware_riscv.elf elf32-littleriscv)

.debug_line     0x00000000      0x780
 .debug_line    0x00000000       0xaf /Users/yangtao/Documents/tests/qemu_riscv_bare/firmware/output/tmp/startup.o
 .debug_line    0x000000af      0x6d1 /Users/yangtao/Documents/tests/qemu_riscv_bare/firmware/output/tmp/main.o

.debug_info     0x00000000      0x613
 .debug_info    0x00000000       0x23 /Users/yangtao/Documents/tests/qemu_riscv_bare/firmware/output/tmp/startup.o
 .debug_info    0x00000023      0x5f0 /Users/yangtao/Documents/tests/qemu_riscv_bare/firmware/output/tmp/main.o

.debug_abbrev   0x00000000      0x1bf
 .debug_abbrev  0x00000000       0x14 /Users/yangtao/Documents/tests/qemu_riscv_bare/firmware/output/tmp/startup.o
 .debug_abbrev  0x00000014      0x1ab /Users/yangtao/Documents/tests/qemu_riscv_bare/firmware/output/tmp/main.o

.debug_aranges  0x00000000       0x78
 .debug_aranges
                0x00000000       0x20 /Users/yangtao/Documents/tests/qemu_riscv_bare/firmware/output/tmp/startup.o
 .debug_aranges
                0x00000020       0x58 /Users/yangtao/Documents/tests/qemu_riscv_bare/firmware/output/tmp/main.o

.debug_str      0x00000000     0x3bab
 .debug_str     0x00000000     0x3bab /Users/yangtao/Documents/tests/qemu_riscv_bare/firmware/output/tmp/startup.o
                                 0x88 (size before relaxing)
 .debug_str     0x00003bab        0x0 /Users/yangtao/Documents/tests/qemu_riscv_bare/firmware/output/tmp/main.o
                               0x3f4b (size before relaxing)

.debug_ranges   0x00000000       0x48
 .debug_ranges  0x00000000       0x48 /Users/yangtao/Documents/tests/qemu_riscv_bare/firmware/output/tmp/main.o

.debug_macro    0x00000000      0xde0
 .debug_macro   0x00000000       0x2d /Users/yangtao/Documents/tests/qemu_riscv_bare/firmware/output/tmp/main.o
 .debug_macro   0x0000002d      0x86e /Users/yangtao/Documents/tests/qemu_riscv_bare/firmware/output/tmp/main.o
 .debug_macro   0x0000089b      0x523 /Users/yangtao/Documents/tests/qemu_riscv_bare/firmware/output/tmp/main.o
 .debug_macro   0x00000dbe       0x22 /Users/yangtao/Documents/tests/qemu_riscv_bare/firmware/output/tmp/main.o

.debug_frame    0x00000000      0x144
 .debug_frame   0x00000000      0x144 /Users/yangtao/Documents/tests/qemu_riscv_bare/firmware/output/tmp/main.o
