
Merging object attributes


Discarded input sections

 .text          0x00000000        0x0 /Users/yangtao/Documents/tests/qemu_r52_bare/firmware/output/tmp/startup.o
 .data          0x00000000        0x0 /Users/yangtao/Documents/tests/qemu_r52_bare/firmware/output/tmp/startup.o
 .bss           0x00000000        0x0 /Users/yangtao/Documents/tests/qemu_r52_bare/firmware/output/tmp/startup.o
 .group         0x00000000        0xc /Users/yangtao/Documents/tests/qemu_r52_bare/firmware/output/tmp/main.o
 .group         0x00000000        0xc /Users/yangtao/Documents/tests/qemu_r52_bare/firmware/output/tmp/main.o
 .group         0x00000000        0xc /Users/yangtao/Documents/tests/qemu_r52_bare/firmware/output/tmp/main.o
 .text          0x00000000        0x0 /Users/yangtao/Documents/tests/qemu_r52_bare/firmware/output/tmp/main.o
 .data          0x00000000        0x0 /Users/yangtao/Documents/tests/qemu_r52_bare/firmware/output/tmp/main.o
 .bss           0x00000000        0x0 /Users/yangtao/Documents/tests/qemu_r52_bare/firmware/output/tmp/main.o
 .comment       0x00000000       0x13 /Users/yangtao/Documents/tests/qemu_r52_bare/firmware/output/tmp/main.o

Memory Configuration

Name             Origin             Length             Attributes
RAM              0x20000000         0x00400000         xrw
*default*        0x00000000         0xffffffff

Linker script and memory map

LOAD /Users/yangtao/Documents/tests/qemu_r52_bare/firmware/output/tmp/startup.o
LOAD /Users/yangtao/Documents/tests/qemu_r52_bare/firmware/output/tmp/main.o
                0x20400000                        _estack = (ORIGIN (RAM) + LENGTH (RAM))

.text           0x20000000      0xbe0
                0x20000000                        . = ALIGN (0x4)
 *(.text.startup)
 .text.startup  0x20000000       0x68 /Users/yangtao/Documents/tests/qemu_r52_bare/firmware/output/tmp/startup.o
                0x20000000                _start
 *(.text)
 *(.text.*)
 .text.str_pool_put
                0x20000068       0xa0 /Users/yangtao/Documents/tests/qemu_r52_bare/firmware/output/tmp/main.o
 .text.firmware_init
                0x20000108      0x332 /Users/yangtao/Documents/tests/qemu_r52_bare/firmware/output/tmp/main.o
                0x20000108                firmware_init
 .text.record_assert
                0x2000043a       0xb8 /Users/yangtao/Documents/tests/qemu_r52_bare/firmware/output/tmp/main.o
 .text.record_test_point
                0x200004f2       0x64 /Users/yangtao/Documents/tests/qemu_r52_bare/firmware/output/tmp/main.o
 .text.record_trace
                0x20000556       0x6e /Users/yangtao/Documents/tests/qemu_r52_bare/firmware/output/tmp/main.o
 .text.simulate_runtime
                0x200005c4      0x458 /Users/yangtao/Documents/tests/qemu_r52_bare/firmware/output/tmp/main.o
                0x200005c4                simulate_runtime
 .text.trigger_crash_assert
                0x20000a1c       0x16 /Users/yangtao/Documents/tests/qemu_r52_bare/firmware/output/tmp/main.o
                0x20000a1c                trigger_crash_assert
 .text.main     0x20000a32        0xe /Users/yangtao/Documents/tests/qemu_r52_bare/firmware/output/tmp/main.o
                0x20000a32                main
 *(.rodata)
 .rodata        0x20000a40      0x1a0 /Users/yangtao/Documents/tests/qemu_r52_bare/firmware/output/tmp/main.o
 *(.rodata.*)
                0x20000be0                        . = ALIGN (0x4)
                0x20000be0                        _etext = .
                0x20000be0                        _sidata = LOADADDR (.data)

.glue_7         0x20000be0        0x0
 .glue_7        0x20000be0        0x0 linker stubs

.glue_7t        0x20000be0        0x0
 .glue_7t       0x20000be0        0x0 linker stubs

.vfp11_veneer   0x20000be0        0x0
 .vfp11_veneer  0x20000be0        0x0 linker stubs

.v4_bx          0x20000be0        0x0
 .v4_bx         0x20000be0        0x0 linker stubs

.iplt           0x20000be0        0x0
 .iplt          0x20000be0        0x0 /Users/yangtao/Documents/tests/qemu_r52_bare/firmware/output/tmp/startup.o

.rel.dyn        0x20000be0        0x0
 .rel.iplt      0x20000be0        0x0 /Users/yangtao/Documents/tests/qemu_r52_bare/firmware/output/tmp/startup.o

.data           0x20000be0        0x0
                0x20000be0                        . = ALIGN (0x4)
                0x20000be0                        _sdata = .
 *(.data)
 *(.data.*)
                0x20000be0                        . = ALIGN (0x4)
                0x20000be0                        _edata = .

.igot.plt       0x20000be0        0x0
 .igot.plt      0x20000be0        0x0 /Users/yangtao/Documents/tests/qemu_r52_bare/firmware/output/tmp/startup.o

.bss            0x20000be0      0xa38
                0x20000be0                        . = ALIGN (0x4)
                0x20000be0                        _sbss = .
 *(.bss)
 *(.bss.*)
 .bss.g_assert_infos
                0x20000be0      0x4a0 /Users/yangtao/Documents/tests/qemu_r52_bare/firmware/output/tmp/main.o
                0x20000be0                g_assert_infos
 .bss.g_test_points
                0x20001080      0x100 /Users/yangtao/Documents/tests/qemu_r52_bare/firmware/output/tmp/main.o
                0x20001080                g_test_points
 .bss.g_trace_buffer
                0x20001180      0x280 /Users/yangtao/Documents/tests/qemu_r52_bare/firmware/output/tmp/main.o
                0x20001180                g_trace_buffer
 .bss.g_trace_write_idx
                0x20001400        0x4 /Users/yangtao/Documents/tests/qemu_r52_bare/firmware/output/tmp/main.o
                0x20001400                g_trace_write_idx
 .bss.g_system_ticks
                0x20001404        0x4 /Users/yangtao/Documents/tests/qemu_r52_bare/firmware/output/tmp/main.o
                0x20001404                g_system_ticks
 .bss.g_error_count
                0x20001408        0x4 /Users/yangtao/Documents/tests/qemu_r52_bare/firmware/output/tmp/main.o
                0x20001408                g_error_count
 .bss.g_system_status
                0x2000140c        0x1 /Users/yangtao/Documents/tests/qemu_r52_bare/firmware/output/tmp/main.o
                0x2000140c                g_system_status
 *fill*         0x2000140d        0x3 
 .bss.g_active_assert_idx
                0x20001410        0x4 /Users/yangtao/Documents/tests/qemu_r52_bare/firmware/output/tmp/main.o
                0x20001410                g_active_assert_idx
 .bss.g_string_pool
                0x20001414      0x200 /Users/yangtao/Documents/tests/qemu_r52_bare/firmware/output/tmp/main.o
                0x20001414                g_string_pool
 .bss.g_string_pool_used
                0x20001614        0x4 /Users/yangtao/Documents/tests/qemu_r52_bare/firmware/output/tmp/main.o
                0x20001614                g_string_pool_used
 *(COMMON)
                0x20001618                        . = ALIGN (0x4)
                0x20001618                        _ebss = .

/DISCARD/
 *(.ARM.exidx*)
 *(.ARM.extab*)
 *(.comment)
 *(.note.*)
OUTPUT(/Users/yangtao/Documents/tests/qemu_r52_bare/firmware/output/img/test_firmware_r52.elf elf32-littlearm)
LOAD linker stubs

.ARM.attributes
                0x00000000       0x36
 .ARM.attributes
                0x00000000       0x28 /Users/yangtao/Documents/tests/qemu_r52_bare/firmware/output/tmp/startup.o
 .ARM.attributes
                0x00000028       0x33 /Users/yangtao/Documents/tests/qemu_r52_bare/firmware/output/tmp/main.o

.debug_line     0x00000000      0x476
 .debug_line    0x00000000       0x8d /Users/yangtao/Documents/tests/qemu_r52_bare/firmware/output/tmp/startup.o
 .debug_line    0x0000008d      0x3e9 /Users/yangtao/Documents/tests/qemu_r52_bare/firmware/output/tmp/main.o

.debug_info     0x00000000      0x613
 .debug_info    0x00000000       0x23 /Users/yangtao/Documents/tests/qemu_r52_bare/firmware/output/tmp/startup.o
 .debug_info    0x00000023      0x5f0 /Users/yangtao/Documents/tests/qemu_r52_bare/firmware/output/tmp/main.o

.debug_abbrev   0x00000000      0x1bf
 .debug_abbrev  0x00000000       0x14 /Users/yangtao/Documents/tests/qemu_r52_bare/firmware/output/tmp/startup.o
 .debug_abbrev  0x00000014      0x1ab /Users/yangtao/Documents/tests/qemu_r52_bare/firmware/output/tmp/main.o

.debug_aranges  0x00000000       0x78
 .debug_aranges
                0x00000000       0x20 /Users/yangtao/Documents/tests/qemu_r52_bare/firmware/output/tmp/startup.o
 .debug_aranges
                0x00000020       0x58 /Users/yangtao/Documents/tests/qemu_r52_bare/firmware/output/tmp/main.o

.debug_str      0x00000000     0x3ed2
 .debug_str     0x00000000     0x3ed2 /Users/yangtao/Documents/tests/qemu_r52_bare/firmware/output/tmp/startup.o
                                 0x84 (size before relaxing)
 .debug_str     0x00003ed2        0x0 /Users/yangtao/Documents/tests/qemu_r52_bare/firmware/output/tmp/main.o
                               0x4274 (size before relaxing)

.debug_ranges   0x00000000       0x48
 .debug_ranges  0x00000000       0x48 /Users/yangtao/Documents/tests/qemu_r52_bare/firmware/output/tmp/main.o

.debug_macro    0x00000000     0x1056
 .debug_macro   0x00000000       0x2d /Users/yangtao/Documents/tests/qemu_r52_bare/firmware/output/tmp/main.o
 .debug_macro   0x0000002d      0xae4 /Users/yangtao/Documents/tests/qemu_r52_bare/firmware/output/tmp/main.o
 .debug_macro   0x00000b11      0x523 /Users/yangtao/Documents/tests/qemu_r52_bare/firmware/output/tmp/main.o
 .debug_macro   0x00001034       0x22 /Users/yangtao/Documents/tests/qemu_r52_bare/firmware/output/tmp/main.o

.debug_frame    0x00000000      0x134
 .debug_frame   0x00000000      0x134 /Users/yangtao/Documents/tests/qemu_r52_bare/firmware/output/tmp/main.o
